DEBUG - 2025-09-27 04:21:23 --> Session: Class initialized using 'CodeIgniter\Session\Handlers\FileHandler' driver.
DEBUG - 2025-09-27 04:21:23 --> User IP: ::1
DEBUG - 2025-09-27 04:21:25 --> Session: Class initialized using 'CodeIgniter\Session\Handlers\FileHandler' driver.
DEBUG - 2025-09-27 04:21:29 --> Session: Class initialized using 'CodeIgniter\Session\Handlers\FileHandler' driver.
DEBUG - 2025-09-27 04:21:29 --> User IP: ::1
DEBUG - 2025-09-27 04:21:36 --> Session: Class initialized using 'CodeIgniter\Session\Handlers\FileHandler' driver.
DEBUG - 2025-09-27 04:21:36 --> User IP: ::1
DEBUG - 2025-09-27 04:21:36 --> Session: Class initialized using 'CodeIgniter\Session\Handlers\FileHandler' driver.
DEBUG - 2025-09-27 04:21:36 --> User IP: ::1
DEBUG - 2025-09-27 04:21:37 --> Session: Class initialized using 'CodeIgniter\Session\Handlers\FileHandler' driver.
DEBUG - 2025-09-27 04:21:37 --> User IP: ::1
DEBUG - 2025-09-27 04:27:09 --> Session: Class initialized using 'CodeIgniter\Session\Handlers\FileHandler' driver.
DEBUG - 2025-09-27 04:27:09 --> User IP: ::1
DEBUG - 2025-09-27 04:27:10 --> Session: Class initialized using 'CodeIgniter\Session\Handlers\FileHandler' driver.
DEBUG - 2025-09-27 04:27:10 --> User IP: ::1
DEBUG - 2025-09-27 05:10:01 --> Session: Class initialized using 'CodeIgniter\Session\Handlers\FileHandler' driver.
DEBUG - 2025-09-27 05:10:01 --> User IP: ::1
DEBUG - 2025-09-27 05:10:02 --> Session: Class initialized using 'CodeIgniter\Session\Handlers\FileHandler' driver.
DEBUG - 2025-09-27 05:10:02 --> User IP: ::1
DEBUG - 2025-09-27 05:11:52 --> Session: Class initialized using 'CodeIgniter\Session\Handlers\FileHandler' driver.
DEBUG - 2025-09-27 05:11:52 --> User IP: ::1
DEBUG - 2025-09-27 05:11:52 --> Session: Class initialized using 'CodeIgniter\Session\Handlers\FileHandler' driver.
DEBUG - 2025-09-27 05:11:52 --> User IP: ::1
DEBUG - 2025-09-27 05:12:20 --> Session: Class initialized using 'CodeIgniter\Session\Handlers\FileHandler' driver.
DEBUG - 2025-09-27 05:12:20 --> User IP: ::1
DEBUG - 2025-09-27 05:12:24 --> Session: Class initialized using 'CodeIgniter\Session\Handlers\FileHandler' driver.
DEBUG - 2025-09-27 05:12:24 --> User IP: ::1
DEBUG - 2025-09-27 05:27:35 --> Session: Class initialized using 'CodeIgniter\Session\Handlers\FileHandler' driver.
DEBUG - 2025-09-27 05:27:35 --> User IP: ::1
DEBUG - 2025-09-27 05:27:39 --> Session: Class initialized using 'CodeIgniter\Session\Handlers\FileHandler' driver.
DEBUG - 2025-09-27 05:27:39 --> User IP: ::1
DEBUG - 2025-09-27 05:30:27 --> Session: Class initialized using 'CodeIgniter\Session\Handlers\FileHandler' driver.
DEBUG - 2025-09-27 05:30:27 --> User IP: ::1
DEBUG - 2025-09-27 05:30:28 --> Session: Class initialized using 'CodeIgniter\Session\Handlers\FileHandler' driver.
DEBUG - 2025-09-27 05:30:28 --> User IP: ::1
DEBUG - 2025-09-27 05:30:51 --> Session: Class initialized using 'CodeIgniter\Session\Handlers\FileHandler' driver.
DEBUG - 2025-09-27 05:30:51 --> User IP: ::1
DEBUG - 2025-09-27 05:30:51 --> Session: Class initialized using 'CodeIgniter\Session\Handlers\FileHandler' driver.
DEBUG - 2025-09-27 05:30:51 --> User IP: ::1
DEBUG - 2025-09-27 05:37:05 --> Session: Class initialized using 'CodeIgniter\Session\Handlers\FileHandler' driver.
DEBUG - 2025-09-27 05:37:05 --> User IP: ::1
DEBUG - 2025-09-27 05:37:09 --> Session: Class initialized using 'CodeIgniter\Session\Handlers\FileHandler' driver.
DEBUG - 2025-09-27 05:37:09 --> User IP: ::1
DEBUG - 2025-09-27 06:02:02 --> Session: Class initialized using 'CodeIgniter\Session\Handlers\FileHandler' driver.
DEBUG - 2025-09-27 06:02:02 --> User IP: ::1
DEBUG - 2025-09-27 06:02:06 --> Session: Class initialized using 'CodeIgniter\Session\Handlers\FileHandler' driver.
DEBUG - 2025-09-27 06:02:06 --> User IP: ::1
DEBUG - 2025-09-27 06:03:29 --> Session: Class initialized using 'CodeIgniter\Session\Handlers\FileHandler' driver.
DEBUG - 2025-09-27 06:03:29 --> User IP: ::1
DEBUG - 2025-09-27 06:03:33 --> Session: Class initialized using 'CodeIgniter\Session\Handlers\FileHandler' driver.
DEBUG - 2025-09-27 06:03:33 --> User IP: ::1
DEBUG - 2025-09-27 06:03:42 --> Session: Class initialized using 'CodeIgniter\Session\Handlers\FileHandler' driver.
DEBUG - 2025-09-27 06:03:42 --> User IP: ::1
DEBUG - 2025-09-27 06:03:45 --> Session: Class initialized using 'CodeIgniter\Session\Handlers\FileHandler' driver.
DEBUG - 2025-09-27 06:03:45 --> User IP: ::1
DEBUG - 2025-09-27 06:03:57 --> Session: Class initialized using 'CodeIgniter\Session\Handlers\FileHandler' driver.
DEBUG - 2025-09-27 06:03:57 --> User IP: ::1
DEBUG - 2025-09-27 06:03:57 --> Session: Class initialized using 'CodeIgniter\Session\Handlers\FileHandler' driver.
DEBUG - 2025-09-27 06:03:57 --> User IP: ::1
DEBUG - 2025-09-27 06:04:50 --> Session: Class initialized using 'CodeIgniter\Session\Handlers\FileHandler' driver.
DEBUG - 2025-09-27 06:04:50 --> User IP: ::1
DEBUG - 2025-09-27 06:04:50 --> Session: Class initialized using 'CodeIgniter\Session\Handlers\FileHandler' driver.
DEBUG - 2025-09-27 06:04:50 --> User IP: ::1
DEBUG - 2025-09-27 06:06:05 --> Session: Class initialized using 'CodeIgniter\Session\Handlers\FileHandler' driver.
DEBUG - 2025-09-27 06:06:05 --> User IP: ::1
DEBUG - 2025-09-27 06:06:06 --> Session: Class initialized using 'CodeIgniter\Session\Handlers\FileHandler' driver.
DEBUG - 2025-09-27 06:06:06 --> User IP: ::1
DEBUG - 2025-09-27 06:06:07 --> Session: Class initialized using 'CodeIgniter\Session\Handlers\FileHandler' driver.
DEBUG - 2025-09-27 06:06:07 --> User IP: ::1
DEBUG - 2025-09-27 06:06:08 --> Session: Class initialized using 'CodeIgniter\Session\Handlers\FileHandler' driver.
DEBUG - 2025-09-27 06:06:08 --> User IP: ::1
DEBUG - 2025-09-27 06:08:11 --> Session: Class initialized using 'CodeIgniter\Session\Handlers\FileHandler' driver.
DEBUG - 2025-09-27 06:08:11 --> User IP: ::1
DEBUG - 2025-09-27 06:08:11 --> Session: Class initialized using 'CodeIgniter\Session\Handlers\FileHandler' driver.
DEBUG - 2025-09-27 06:08:11 --> User IP: ::1
DEBUG - 2025-09-27 06:08:13 --> Session: Class initialized using 'CodeIgniter\Session\Handlers\FileHandler' driver.
DEBUG - 2025-09-27 06:08:13 --> User IP: ::1
DEBUG - 2025-09-27 06:08:42 --> Session: Class initialized using 'CodeIgniter\Session\Handlers\FileHandler' driver.
DEBUG - 2025-09-27 06:08:42 --> User IP: ::1
DEBUG - 2025-09-27 06:08:42 --> Session: Class initialized using 'CodeIgniter\Session\Handlers\FileHandler' driver.
DEBUG - 2025-09-27 06:08:42 --> User IP: ::1
DEBUG - 2025-09-27 06:09:04 --> Session: Class initialized using 'CodeIgniter\Session\Handlers\FileHandler' driver.
DEBUG - 2025-09-27 06:09:04 --> User IP: ::1
DEBUG - 2025-09-27 06:09:04 --> Session: Class initialized using 'CodeIgniter\Session\Handlers\FileHandler' driver.
DEBUG - 2025-09-27 06:09:04 --> User IP: ::1
DEBUG - 2025-09-27 06:09:20 --> Session: Class initialized using 'CodeIgniter\Session\Handlers\FileHandler' driver.
DEBUG - 2025-09-27 06:09:20 --> User IP: ::1
DEBUG - 2025-09-27 06:09:20 --> Session: Class initialized using 'CodeIgniter\Session\Handlers\FileHandler' driver.
DEBUG - 2025-09-27 06:09:20 --> User IP: ::1
DEBUG - 2025-09-27 06:09:38 --> Session: Class initialized using 'CodeIgniter\Session\Handlers\FileHandler' driver.
DEBUG - 2025-09-27 06:09:38 --> User IP: ::1
DEBUG - 2025-09-27 06:09:38 --> Session: Class initialized using 'CodeIgniter\Session\Handlers\FileHandler' driver.
DEBUG - 2025-09-27 06:09:38 --> User IP: ::1
DEBUG - 2025-09-27 06:11:38 --> Session: Class initialized using 'CodeIgniter\Session\Handlers\FileHandler' driver.
DEBUG - 2025-09-27 06:11:38 --> User IP: ::1
DEBUG - 2025-09-27 06:11:38 --> Session: Class initialized using 'CodeIgniter\Session\Handlers\FileHandler' driver.
DEBUG - 2025-09-27 06:11:38 --> User IP: ::1
DEBUG - 2025-09-27 06:12:14 --> Session: Class initialized using 'CodeIgniter\Session\Handlers\FileHandler' driver.
DEBUG - 2025-09-27 06:12:14 --> User IP: ::1
DEBUG - 2025-09-27 06:12:14 --> Session: Class initialized using 'CodeIgniter\Session\Handlers\FileHandler' driver.
DEBUG - 2025-09-27 06:12:14 --> User IP: ::1
DEBUG - 2025-09-27 06:13:32 --> Session: Class initialized using 'CodeIgniter\Session\Handlers\FileHandler' driver.
DEBUG - 2025-09-27 06:13:32 --> User IP: ::1
DEBUG - 2025-09-27 06:13:37 --> Session: Class initialized using 'CodeIgniter\Session\Handlers\FileHandler' driver.
DEBUG - 2025-09-27 06:13:37 --> User IP: ::1
DEBUG - 2025-09-27 06:13:42 --> Session: Class initialized using 'CodeIgniter\Session\Handlers\FileHandler' driver.
DEBUG - 2025-09-27 06:13:42 --> User IP: ::1
DEBUG - 2025-09-27 06:13:43 --> Session: Class initialized using 'CodeIgniter\Session\Handlers\FileHandler' driver.
DEBUG - 2025-09-27 06:13:43 --> User IP: ::1
DEBUG - 2025-09-27 06:15:11 --> Session: Class initialized using 'CodeIgniter\Session\Handlers\FileHandler' driver.
DEBUG - 2025-09-27 06:15:11 --> User IP: ::1
DEBUG - 2025-09-27 06:15:11 --> Session: Class initialized using 'CodeIgniter\Session\Handlers\FileHandler' driver.
DEBUG - 2025-09-27 06:15:11 --> User IP: ::1
DEBUG - 2025-09-27 06:15:23 --> Session: Class initialized using 'CodeIgniter\Session\Handlers\FileHandler' driver.
DEBUG - 2025-09-27 06:15:23 --> User IP: ::1
DEBUG - 2025-09-27 06:15:23 --> Session: Class initialized using 'CodeIgniter\Session\Handlers\FileHandler' driver.
DEBUG - 2025-09-27 06:15:23 --> User IP: ::1
DEBUG - 2025-09-27 06:16:14 --> Session: Class initialized using 'CodeIgniter\Session\Handlers\FileHandler' driver.
DEBUG - 2025-09-27 06:16:14 --> User IP: ::1
DEBUG - 2025-09-27 06:16:14 --> Session: Class initialized using 'CodeIgniter\Session\Handlers\FileHandler' driver.
DEBUG - 2025-09-27 06:16:14 --> User IP: ::1
DEBUG - 2025-09-27 06:17:49 --> Session: Class initialized using 'CodeIgniter\Session\Handlers\FileHandler' driver.
DEBUG - 2025-09-27 06:17:49 --> User IP: ::1
DEBUG - 2025-09-27 06:17:50 --> Session: Class initialized using 'CodeIgniter\Session\Handlers\FileHandler' driver.
DEBUG - 2025-09-27 06:17:50 --> User IP: ::1
DEBUG - 2025-09-27 06:18:02 --> Session: Class initialized using 'CodeIgniter\Session\Handlers\FileHandler' driver.
DEBUG - 2025-09-27 06:18:02 --> User IP: ::1
DEBUG - 2025-09-27 06:18:02 --> Session: Class initialized using 'CodeIgniter\Session\Handlers\FileHandler' driver.
DEBUG - 2025-09-27 06:18:02 --> User IP: ::1
DEBUG - 2025-09-27 06:18:38 --> Session: Class initialized using 'CodeIgniter\Session\Handlers\FileHandler' driver.
DEBUG - 2025-09-27 06:18:38 --> User IP: ::1
DEBUG - 2025-09-27 06:18:38 --> Session: Class initialized using 'CodeIgniter\Session\Handlers\FileHandler' driver.
DEBUG - 2025-09-27 06:18:38 --> User IP: ::1
DEBUG - 2025-09-27 06:19:21 --> Session: Class initialized using 'CodeIgniter\Session\Handlers\FileHandler' driver.
DEBUG - 2025-09-27 06:19:21 --> User IP: ::1
DEBUG - 2025-09-27 06:19:24 --> Session: Class initialized using 'CodeIgniter\Session\Handlers\FileHandler' driver.
DEBUG - 2025-09-27 06:19:24 --> User IP: ::1
DEBUG - 2025-09-27 06:19:26 --> Session: Class initialized using 'CodeIgniter\Session\Handlers\FileHandler' driver.
DEBUG - 2025-09-27 06:19:26 --> User IP: ::1
DEBUG - 2025-09-27 06:19:26 --> Session: Class initialized using 'CodeIgniter\Session\Handlers\FileHandler' driver.
DEBUG - 2025-09-27 06:19:26 --> User IP: ::1
DEBUG - 2025-09-27 06:19:28 --> Session: Class initialized using 'CodeIgniter\Session\Handlers\FileHandler' driver.
DEBUG - 2025-09-27 06:19:28 --> User IP: ::1
DEBUG - 2025-09-27 06:19:28 --> Session: Class initialized using 'CodeIgniter\Session\Handlers\FileHandler' driver.
DEBUG - 2025-09-27 06:19:28 --> User IP: ::1
DEBUG - 2025-09-27 06:19:31 --> Session: Class initialized using 'CodeIgniter\Session\Handlers\FileHandler' driver.
DEBUG - 2025-09-27 06:19:31 --> User IP: ::1
DEBUG - 2025-09-27 06:19:31 --> Session: Class initialized using 'CodeIgniter\Session\Handlers\FileHandler' driver.
DEBUG - 2025-09-27 06:19:31 --> User IP: ::1
DEBUG - 2025-09-27 06:19:38 --> Session: Class initialized using 'CodeIgniter\Session\Handlers\FileHandler' driver.
DEBUG - 2025-09-27 06:19:38 --> User IP: ::1
DEBUG - 2025-09-27 06:19:41 --> Session: Class initialized using 'CodeIgniter\Session\Handlers\FileHandler' driver.
DEBUG - 2025-09-27 06:19:41 --> User IP: ::1
DEBUG - 2025-09-27 06:19:45 --> Session: Class initialized using 'CodeIgniter\Session\Handlers\FileHandler' driver.
DEBUG - 2025-09-27 06:19:45 --> User IP: ::1
DEBUG - 2025-09-27 06:19:46 --> Session: Class initialized using 'CodeIgniter\Session\Handlers\FileHandler' driver.
DEBUG - 2025-09-27 06:19:46 --> User IP: ::1
DEBUG - 2025-09-27 06:19:51 --> Session: Class initialized using 'CodeIgniter\Session\Handlers\FileHandler' driver.
DEBUG - 2025-09-27 06:19:51 --> User IP: ::1
DEBUG - 2025-09-27 06:19:53 --> Session: Class initialized using 'CodeIgniter\Session\Handlers\FileHandler' driver.
DEBUG - 2025-09-27 06:19:53 --> User IP: ::1
DEBUG - 2025-09-27 06:19:58 --> Session: Class initialized using 'CodeIgniter\Session\Handlers\FileHandler' driver.
DEBUG - 2025-09-27 06:19:58 --> User IP: ::1
DEBUG - 2025-09-27 06:19:58 --> Session: Class initialized using 'CodeIgniter\Session\Handlers\FileHandler' driver.
DEBUG - 2025-09-27 06:19:58 --> User IP: ::1
DEBUG - 2025-09-27 06:20:34 --> Session: Class initialized using 'CodeIgniter\Session\Handlers\FileHandler' driver.
DEBUG - 2025-09-27 06:20:34 --> User IP: ::1
DEBUG - 2025-09-27 06:20:34 --> Session: Class initialized using 'CodeIgniter\Session\Handlers\FileHandler' driver.
DEBUG - 2025-09-27 06:20:34 --> User IP: ::1
DEBUG - 2025-09-27 06:24:54 --> Session: Class initialized using 'CodeIgniter\Session\Handlers\FileHandler' driver.
DEBUG - 2025-09-27 06:24:54 --> User IP: ::1
DEBUG - 2025-09-27 06:24:54 --> Session: Class initialized using 'CodeIgniter\Session\Handlers\FileHandler' driver.
DEBUG - 2025-09-27 06:24:54 --> User IP: ::1
DEBUG - 2025-09-27 06:25:54 --> Session: Class initialized using 'CodeIgniter\Session\Handlers\FileHandler' driver.
DEBUG - 2025-09-27 06:25:54 --> User IP: ::1
DEBUG - 2025-09-27 06:25:54 --> Session: Class initialized using 'CodeIgniter\Session\Handlers\FileHandler' driver.
DEBUG - 2025-09-27 06:25:54 --> User IP: ::1
DEBUG - 2025-09-27 06:28:35 --> Session: Class initialized using 'CodeIgniter\Session\Handlers\FileHandler' driver.
DEBUG - 2025-09-27 06:28:35 --> User IP: ::1
DEBUG - 2025-09-27 06:28:36 --> Session: Class initialized using 'CodeIgniter\Session\Handlers\FileHandler' driver.
DEBUG - 2025-09-27 06:28:36 --> User IP: ::1
DEBUG - 2025-09-27 06:29:04 --> Session: Class initialized using 'CodeIgniter\Session\Handlers\FileHandler' driver.
DEBUG - 2025-09-27 06:29:04 --> User IP: ::1
DEBUG - 2025-09-27 06:30:35 --> Session: Class initialized using 'CodeIgniter\Session\Handlers\FileHandler' driver.
DEBUG - 2025-09-27 06:30:35 --> User IP: ::1
DEBUG - 2025-09-27 06:30:40 --> Session: Class initialized using 'CodeIgniter\Session\Handlers\FileHandler' driver.
DEBUG - 2025-09-27 06:30:40 --> User IP: ::1
DEBUG - 2025-09-27 06:36:41 --> Session: Class initialized using 'CodeIgniter\Session\Handlers\FileHandler' driver.
DEBUG - 2025-09-27 06:36:41 --> User IP: ::1
DEBUG - 2025-09-27 06:36:41 --> Session: Class initialized using 'CodeIgniter\Session\Handlers\FileHandler' driver.
DEBUG - 2025-09-27 06:36:41 --> User IP: ::1
DEBUG - 2025-09-27 06:37:12 --> Session: Class initialized using 'CodeIgniter\Session\Handlers\FileHandler' driver.
DEBUG - 2025-09-27 06:37:12 --> User IP: ::1
DEBUG - 2025-09-27 06:37:13 --> Session: Class initialized using 'CodeIgniter\Session\Handlers\FileHandler' driver.
DEBUG - 2025-09-27 06:37:13 --> User IP: ::1
DEBUG - 2025-09-27 06:37:26 --> Session: Class initialized using 'CodeIgniter\Session\Handlers\FileHandler' driver.
DEBUG - 2025-09-27 06:37:26 --> User IP: ::1
DEBUG - 2025-09-27 06:37:26 --> Session: Class initialized using 'CodeIgniter\Session\Handlers\FileHandler' driver.
DEBUG - 2025-09-27 06:37:26 --> User IP: ::1
DEBUG - 2025-09-27 06:37:45 --> Session: Class initialized using 'CodeIgniter\Session\Handlers\FileHandler' driver.
DEBUG - 2025-09-27 06:37:45 --> User IP: ::1
DEBUG - 2025-09-27 06:37:46 --> Session: Class initialized using 'CodeIgniter\Session\Handlers\FileHandler' driver.
DEBUG - 2025-09-27 06:37:46 --> User IP: ::1
DEBUG - 2025-09-27 06:38:34 --> Session: Class initialized using 'CodeIgniter\Session\Handlers\FileHandler' driver.
DEBUG - 2025-09-27 06:38:34 --> User IP: ::1
DEBUG - 2025-09-27 06:38:34 --> Session: Class initialized using 'CodeIgniter\Session\Handlers\FileHandler' driver.
DEBUG - 2025-09-27 06:38:34 --> User IP: ::1
DEBUG - 2025-09-27 06:39:19 --> Session: Class initialized using 'CodeIgniter\Session\Handlers\FileHandler' driver.
DEBUG - 2025-09-27 06:39:19 --> User IP: ::1
DEBUG - 2025-09-27 06:39:19 --> Session: Class initialized using 'CodeIgniter\Session\Handlers\FileHandler' driver.
DEBUG - 2025-09-27 06:39:19 --> User IP: ::1
DEBUG - 2025-09-27 06:40:09 --> Session: Class initialized using 'CodeIgniter\Session\Handlers\FileHandler' driver.
DEBUG - 2025-09-27 06:40:09 --> User IP: ::1
DEBUG - 2025-09-27 06:40:09 --> Session: Class initialized using 'CodeIgniter\Session\Handlers\FileHandler' driver.
DEBUG - 2025-09-27 06:40:09 --> User IP: ::1
DEBUG - 2025-09-27 06:40:32 --> Session: Class initialized using 'CodeIgniter\Session\Handlers\FileHandler' driver.
DEBUG - 2025-09-27 06:40:32 --> User IP: ::1
DEBUG - 2025-09-27 06:40:33 --> Session: Class initialized using 'CodeIgniter\Session\Handlers\FileHandler' driver.
DEBUG - 2025-09-27 06:40:33 --> User IP: ::1
DEBUG - 2025-09-27 06:42:11 --> Session: Class initialized using 'CodeIgniter\Session\Handlers\FileHandler' driver.
DEBUG - 2025-09-27 06:42:11 --> User IP: ::1
DEBUG - 2025-09-27 06:42:11 --> Session: Class initialized using 'CodeIgniter\Session\Handlers\FileHandler' driver.
DEBUG - 2025-09-27 06:42:11 --> User IP: ::1
DEBUG - 2025-09-27 06:42:33 --> Session: Class initialized using 'CodeIgniter\Session\Handlers\FileHandler' driver.
DEBUG - 2025-09-27 06:42:33 --> User IP: ::1
DEBUG - 2025-09-27 06:42:33 --> Session: Class initialized using 'CodeIgniter\Session\Handlers\FileHandler' driver.
DEBUG - 2025-09-27 06:42:34 --> User IP: ::1
DEBUG - 2025-09-27 06:42:55 --> Session: Class initialized using 'CodeIgniter\Session\Handlers\FileHandler' driver.
DEBUG - 2025-09-27 06:42:55 --> User IP: ::1
DEBUG - 2025-09-27 06:42:55 --> Session: Class initialized using 'CodeIgniter\Session\Handlers\FileHandler' driver.
DEBUG - 2025-09-27 06:42:55 --> User IP: ::1
DEBUG - 2025-09-27 06:45:23 --> Session: Class initialized using 'CodeIgniter\Session\Handlers\FileHandler' driver.
DEBUG - 2025-09-27 06:45:23 --> User IP: ::1
DEBUG - 2025-09-27 06:45:23 --> Session: Class initialized using 'CodeIgniter\Session\Handlers\FileHandler' driver.
DEBUG - 2025-09-27 06:45:23 --> User IP: ::1
DEBUG - 2025-09-27 06:45:28 --> Session: Class initialized using 'CodeIgniter\Session\Handlers\FileHandler' driver.
DEBUG - 2025-09-27 06:45:28 --> User IP: ::1
DEBUG - 2025-09-27 06:45:31 --> Session: Class initialized using 'CodeIgniter\Session\Handlers\FileHandler' driver.
DEBUG - 2025-09-27 06:45:31 --> User IP: ::1
DEBUG - 2025-09-27 06:45:32 --> Session: Class initialized using 'CodeIgniter\Session\Handlers\FileHandler' driver.
DEBUG - 2025-09-27 06:45:32 --> User IP: ::1
DEBUG - 2025-09-27 06:45:39 --> Session: Class initialized using 'CodeIgniter\Session\Handlers\FileHandler' driver.
DEBUG - 2025-09-27 06:45:39 --> User IP: ::1
DEBUG - 2025-09-27 06:45:40 --> Session: Class initialized using 'CodeIgniter\Session\Handlers\FileHandler' driver.
DEBUG - 2025-09-27 06:45:40 --> User IP: ::1
DEBUG - 2025-09-27 06:45:40 --> Session: Class initialized using 'CodeIgniter\Session\Handlers\FileHandler' driver.
DEBUG - 2025-09-27 06:45:40 --> User IP: ::1
DEBUG - 2025-09-27 06:50:07 --> Session: Class initialized using 'CodeIgniter\Session\Handlers\FileHandler' driver.
DEBUG - 2025-09-27 06:50:07 --> User IP: ::1
DEBUG - 2025-09-27 06:50:08 --> Session: Class initialized using 'CodeIgniter\Session\Handlers\FileHandler' driver.
DEBUG - 2025-09-27 06:50:08 --> User IP: ::1
DEBUG - 2025-09-27 06:50:10 --> Session: Class initialized using 'CodeIgniter\Session\Handlers\FileHandler' driver.
DEBUG - 2025-09-27 06:50:10 --> User IP: ::1
DEBUG - 2025-09-27 06:57:46 --> Session: Class initialized using 'CodeIgniter\Session\Handlers\FileHandler' driver.
DEBUG - 2025-09-27 06:57:46 --> User IP: ::1
DEBUG - 2025-09-27 06:57:47 --> Session: Class initialized using 'CodeIgniter\Session\Handlers\FileHandler' driver.
DEBUG - 2025-09-27 06:57:47 --> User IP: ::1
DEBUG - 2025-09-27 06:57:52 --> Session: Class initialized using 'CodeIgniter\Session\Handlers\FileHandler' driver.
DEBUG - 2025-09-27 06:57:52 --> User IP: ::1
DEBUG - 2025-09-27 07:03:34 --> Session: Class initialized using 'CodeIgniter\Session\Handlers\FileHandler' driver.
DEBUG - 2025-09-27 07:03:34 --> User IP: ::1
DEBUG - 2025-09-27 07:03:34 --> Session: Class initialized using 'CodeIgniter\Session\Handlers\FileHandler' driver.
DEBUG - 2025-09-27 07:03:34 --> User IP: ::1
DEBUG - 2025-09-27 07:03:37 --> Session: Class initialized using 'CodeIgniter\Session\Handlers\FileHandler' driver.
DEBUG - 2025-09-27 07:03:37 --> User IP: ::1
DEBUG - 2025-09-27 07:04:44 --> Session: Class initialized using 'CodeIgniter\Session\Handlers\FileHandler' driver.
DEBUG - 2025-09-27 07:04:44 --> User IP: ::1
DEBUG - 2025-09-27 07:05:10 --> Session: Class initialized using 'CodeIgniter\Session\Handlers\FileHandler' driver.
DEBUG - 2025-09-27 07:05:10 --> User IP: ::1
DEBUG - 2025-09-27 07:08:59 --> Session: Class initialized using 'CodeIgniter\Session\Handlers\FileHandler' driver.
DEBUG - 2025-09-27 07:08:59 --> User IP: ::1
DEBUG - 2025-09-27 07:08:59 --> Session: Class initialized using 'CodeIgniter\Session\Handlers\FileHandler' driver.
DEBUG - 2025-09-27 07:08:59 --> User IP: ::1
DEBUG - 2025-09-27 07:10:51 --> Session: Class initialized using 'CodeIgniter\Session\Handlers\FileHandler' driver.
DEBUG - 2025-09-27 07:10:51 --> User IP: ::1
DEBUG - 2025-09-27 07:10:52 --> Session: Class initialized using 'CodeIgniter\Session\Handlers\FileHandler' driver.
DEBUG - 2025-09-27 07:10:52 --> User IP: ::1
DEBUG - 2025-09-27 07:12:33 --> Session: Class initialized using 'CodeIgniter\Session\Handlers\FileHandler' driver.
DEBUG - 2025-09-27 07:12:33 --> User IP: ::1
DEBUG - 2025-09-27 07:12:33 --> Session: Class initialized using 'CodeIgniter\Session\Handlers\FileHandler' driver.
DEBUG - 2025-09-27 07:12:33 --> User IP: ::1
DEBUG - 2025-09-27 07:12:38 --> Session: Class initialized using 'CodeIgniter\Session\Handlers\FileHandler' driver.
DEBUG - 2025-09-27 07:12:38 --> User IP: ::1
DEBUG - 2025-09-27 07:12:38 --> Session: Class initialized using 'CodeIgniter\Session\Handlers\FileHandler' driver.
DEBUG - 2025-09-27 07:12:38 --> User IP: ::1
DEBUG - 2025-09-27 07:12:43 --> Session: Class initialized using 'CodeIgniter\Session\Handlers\FileHandler' driver.
DEBUG - 2025-09-27 07:12:43 --> User IP: ::1
DEBUG - 2025-09-27 07:12:43 --> Session: Class initialized using 'CodeIgniter\Session\Handlers\FileHandler' driver.
DEBUG - 2025-09-27 07:12:43 --> User IP: ::1
DEBUG - 2025-09-27 07:12:46 --> Session: Class initialized using 'CodeIgniter\Session\Handlers\FileHandler' driver.
DEBUG - 2025-09-27 07:12:46 --> User IP: ::1
DEBUG - 2025-09-27 07:12:46 --> Session: Class initialized using 'CodeIgniter\Session\Handlers\FileHandler' driver.
DEBUG - 2025-09-27 07:12:46 --> User IP: ::1
DEBUG - 2025-09-27 07:12:49 --> Session: Class initialized using 'CodeIgniter\Session\Handlers\FileHandler' driver.
DEBUG - 2025-09-27 07:12:49 --> User IP: ::1
DEBUG - 2025-09-27 07:12:50 --> Session: Class initialized using 'CodeIgniter\Session\Handlers\FileHandler' driver.
DEBUG - 2025-09-27 07:12:50 --> User IP: ::1
DEBUG - 2025-09-27 07:13:02 --> Session: Class initialized using 'CodeIgniter\Session\Handlers\FileHandler' driver.
DEBUG - 2025-09-27 07:13:02 --> User IP: ::1
DEBUG - 2025-09-27 07:13:02 --> Session: Class initialized using 'CodeIgniter\Session\Handlers\FileHandler' driver.
DEBUG - 2025-09-27 07:13:02 --> User IP: ::1
DEBUG - 2025-09-27 07:13:03 --> Session: Class initialized using 'CodeIgniter\Session\Handlers\FileHandler' driver.
DEBUG - 2025-09-27 07:13:03 --> User IP: ::1
DEBUG - 2025-09-27 07:13:04 --> Session: Class initialized using 'CodeIgniter\Session\Handlers\FileHandler' driver.
DEBUG - 2025-09-27 07:13:04 --> User IP: ::1
DEBUG - 2025-09-27 07:13:43 --> Session: Class initialized using 'CodeIgniter\Session\Handlers\FileHandler' driver.
DEBUG - 2025-09-27 07:13:43 --> User IP: ::1
DEBUG - 2025-09-27 07:13:43 --> Session: Class initialized using 'CodeIgniter\Session\Handlers\FileHandler' driver.
DEBUG - 2025-09-27 07:13:43 --> User IP: ::1
DEBUG - 2025-09-27 07:13:48 --> Session: Class initialized using 'CodeIgniter\Session\Handlers\FileHandler' driver.
DEBUG - 2025-09-27 07:13:48 --> User IP: ::1
DEBUG - 2025-09-27 07:13:48 --> Session: Class initialized using 'CodeIgniter\Session\Handlers\FileHandler' driver.
DEBUG - 2025-09-27 07:13:48 --> User IP: ::1
DEBUG - 2025-09-27 07:14:04 --> Session: Class initialized using 'CodeIgniter\Session\Handlers\FileHandler' driver.
DEBUG - 2025-09-27 07:14:04 --> User IP: ::1
DEBUG - 2025-09-27 07:14:04 --> Session: Class initialized using 'CodeIgniter\Session\Handlers\FileHandler' driver.
DEBUG - 2025-09-27 07:14:04 --> User IP: ::1
DEBUG - 2025-09-27 07:16:17 --> Session: Class initialized using 'CodeIgniter\Session\Handlers\FileHandler' driver.
DEBUG - 2025-09-27 07:16:17 --> User IP: ::1
DEBUG - 2025-09-27 07:16:18 --> Session: Class initialized using 'CodeIgniter\Session\Handlers\FileHandler' driver.
DEBUG - 2025-09-27 07:16:18 --> User IP: ::1
DEBUG - 2025-09-27 07:16:56 --> Session: Class initialized using 'CodeIgniter\Session\Handlers\FileHandler' driver.
DEBUG - 2025-09-27 07:16:56 --> User IP: ::1
DEBUG - 2025-09-27 07:17:18 --> Session: Class initialized using 'CodeIgniter\Session\Handlers\FileHandler' driver.
DEBUG - 2025-09-27 07:17:18 --> User IP: ::1
DEBUG - 2025-09-27 08:11:19 --> Session: Class initialized using 'CodeIgniter\Session\Handlers\FileHandler' driver.
DEBUG - 2025-09-27 08:11:19 --> User IP: ::1
DEBUG - 2025-09-27 08:11:19 --> Session: Class initialized using 'CodeIgniter\Session\Handlers\FileHandler' driver.
DEBUG - 2025-09-27 08:11:19 --> User IP: ::1
DEBUG - 2025-09-27 08:11:28 --> Session: Class initialized using 'CodeIgniter\Session\Handlers\FileHandler' driver.
DEBUG - 2025-09-27 08:11:28 --> User IP: ::1
DEBUG - 2025-09-27 08:11:28 --> Session: Class initialized using 'CodeIgniter\Session\Handlers\FileHandler' driver.
DEBUG - 2025-09-27 08:11:28 --> User IP: ::1
DEBUG - 2025-09-27 08:11:41 --> Session: Class initialized using 'CodeIgniter\Session\Handlers\FileHandler' driver.
DEBUG - 2025-09-27 08:11:41 --> User IP: ::1
DEBUG - 2025-09-27 08:11:45 --> Session: Class initialized using 'CodeIgniter\Session\Handlers\FileHandler' driver.
DEBUG - 2025-09-27 08:11:45 --> User IP: ::1
DEBUG - 2025-09-27 08:23:06 --> Session: Class initialized using 'CodeIgniter\Session\Handlers\FileHandler' driver.
DEBUG - 2025-09-27 08:23:06 --> User IP: ::1
CRITICAL - 2025-09-27 08:23:06 --> ErrorException: Undefined variable $emp_id
[Method: GET, Route: dashboard]
in APPPATH\Views\dashboard\index.php on line 109.
 1 APPPATH\Views\dashboard\index.php(109): CodeIgniter\Debug\Exceptions->errorHandler(2, 'Undefined variable $emp_id', 'C:\\xampp\\htdocs\\gighz-people\\app\\Views\\dashboard\\index.php', 109)
 2 SYSTEMPATH\View\View.php(234): include('C:\\xampp\\htdocs\\gighz-people\\app\\Views\\dashboard\\index.php')
 3 SYSTEMPATH\View\View.php(237): CodeIgniter\View\View->CodeIgniter\View\{closure}()
 4 SYSTEMPATH\Common.php(1171): CodeIgniter\View\View->render('dashboard/index', [], true)
 5 APPPATH\Controllers\Dashboard.php(50): view('dashboard/index', [...])
 6 SYSTEMPATH\CodeIgniter.php(933): App\Controllers\Dashboard->index()
 7 SYSTEMPATH\CodeIgniter.php(509): CodeIgniter\CodeIgniter->runController(Object(App\Controllers\Dashboard))
 8 SYSTEMPATH\CodeIgniter.php(355): CodeIgniter\CodeIgniter->handleRequest(null, Object(Config\Cache), false)
 9 SYSTEMPATH\Boot.php(334): CodeIgniter\CodeIgniter->run()
10 SYSTEMPATH\Boot.php(67): CodeIgniter\Boot::runCodeIgniter(Object(CodeIgniter\CodeIgniter))
11 FCPATH\index.php(56): CodeIgniter\Boot::bootWeb(Object(Config\Paths))
DEBUG - 2025-09-27 08:24:42 --> Session: Class initialized using 'CodeIgniter\Session\Handlers\FileHandler' driver.
DEBUG - 2025-09-27 08:24:42 --> User IP: ::1
DEBUG - 2025-09-27 08:24:43 --> Session: Class initialized using 'CodeIgniter\Session\Handlers\FileHandler' driver.
DEBUG - 2025-09-27 08:24:43 --> User IP: ::1
DEBUG - 2025-09-27 08:25:24 --> Session: Class initialized using 'CodeIgniter\Session\Handlers\FileHandler' driver.
DEBUG - 2025-09-27 08:25:24 --> User IP: ::1
DEBUG - 2025-09-27 08:25:29 --> Session: Class initialized using 'CodeIgniter\Session\Handlers\FileHandler' driver.
DEBUG - 2025-09-27 08:25:29 --> User IP: ::1
DEBUG - 2025-09-27 08:25:56 --> Session: Class initialized using 'CodeIgniter\Session\Handlers\FileHandler' driver.
DEBUG - 2025-09-27 08:25:56 --> User IP: ::1
DEBUG - 2025-09-27 08:26:00 --> Session: Class initialized using 'CodeIgniter\Session\Handlers\FileHandler' driver.
DEBUG - 2025-09-27 08:26:00 --> User IP: ::1
DEBUG - 2025-09-27 08:38:35 --> Session: Class initialized using 'CodeIgniter\Session\Handlers\FileHandler' driver.
DEBUG - 2025-09-27 08:38:35 --> User IP: ::1
CRITICAL - 2025-09-27 08:38:35 --> ArgumentCountError: Too few arguments to function App\Controllers\Dashboard::dashboardDatas(), 0 passed in C:\xampp\htdocs\gighz-people\system\CodeIgniter.php on line 933 and exactly 1 expected
[Method: GET, Route: dashboard/dashboardDatas]
in APPPATH\Controllers\Dashboard.php on line 107.
 1 SYSTEMPATH\CodeIgniter.php(933): App\Controllers\Dashboard->dashboardDatas()
 2 SYSTEMPATH\CodeIgniter.php(509): CodeIgniter\CodeIgniter->runController(Object(App\Controllers\Dashboard))
 3 SYSTEMPATH\CodeIgniter.php(355): CodeIgniter\CodeIgniter->handleRequest(null, Object(Config\Cache), false)
 4 SYSTEMPATH\Boot.php(334): CodeIgniter\CodeIgniter->run()
 5 SYSTEMPATH\Boot.php(67): CodeIgniter\Boot::runCodeIgniter(Object(CodeIgniter\CodeIgniter))
 6 FCPATH\index.php(56): CodeIgniter\Boot::bootWeb(Object(Config\Paths))
DEBUG - 2025-09-27 08:38:43 --> Session: Class initialized using 'CodeIgniter\Session\Handlers\FileHandler' driver.
DEBUG - 2025-09-27 08:38:43 --> User IP: ::1
DEBUG - 2025-09-27 08:41:23 --> Session: Class initialized using 'CodeIgniter\Session\Handlers\FileHandler' driver.
DEBUG - 2025-09-27 08:41:23 --> User IP: ::1
ERROR - 2025-09-27 08:41:24 --> mysqli_sql_exception: You have an error in your SQL syntax; check the manual that corresponds to your MariaDB server version for the right syntax to use near '? and tentative_created between ? and ?' at line 2 in C:\xampp\htdocs\gighz-people\system\Database\MySQLi\Connection.php:312
Stack trace:
#0 C:\xampp\htdocs\gighz-people\system\Database\MySQLi\Connection.php(312): mysqli->query('SELECT l.* FROM...', 0)
#1 C:\xampp\htdocs\gighz-people\system\Database\BaseConnection.php(734): CodeIgniter\Database\MySQLi\Connection->execute('SELECT l.* FROM...')
#2 C:\xampp\htdocs\gighz-people\system\Database\BaseConnection.php(648): CodeIgniter\Database\BaseConnection->simpleQuery('SELECT l.* FROM...')
#3 C:\xampp\htdocs\gighz-people\app\Controllers\Dashboard.php(122): CodeIgniter\Database\BaseConnection->query('SELECT l.* FROM...', Array)
#4 C:\xampp\htdocs\gighz-people\system\CodeIgniter.php(933): App\Controllers\Dashboard->dashboardDatas('GZ44')
#5 C:\xampp\htdocs\gighz-people\system\CodeIgniter.php(509): CodeIgniter\CodeIgniter->runController(Object(App\Controllers\Dashboard))
#6 C:\xampp\htdocs\gighz-people\system\CodeIgniter.php(355): CodeIgniter\CodeIgniter->handleRequest(NULL, Object(Config\Cache), false)
#7 C:\xampp\htdocs\gighz-people\system\Boot.php(334): CodeIgniter\CodeIgniter->run()
#8 C:\xampp\htdocs\gighz-people\system\Boot.php(67): CodeIgniter\Boot::runCodeIgniter(Object(CodeIgniter\CodeIgniter))
#9 C:\xampp\htdocs\gighz-people\public\index.php(56): CodeIgniter\Boot::bootWeb(Object(Config\Paths))
#10 {main}
CRITICAL - 2025-09-27 08:41:24 --> CodeIgniter\Database\Exceptions\DatabaseException: You have an error in your SQL syntax; check the manual that corresponds to your MariaDB server version for the right syntax to use near '? and tentative_created between ? and ?' at line 2
[Method: GET, Route: dashboard/dashboardDatas/GZ44]
in SYSTEMPATH\Database\BaseConnection.php on line 688.
 1 APPPATH\Controllers\Dashboard.php(122): CodeIgniter\Database\BaseConnection->query('SELECT l.* FROM tbl_planedleave l JOIN tbl_employee e ON e.emp_id = l.tentative_user
                            WHERE e.emp_id_no = ? and tentative_created between ? and ?', [...])
 2 SYSTEMPATH\CodeIgniter.php(933): App\Controllers\Dashboard->dashboardDatas('GZ44')
 3 SYSTEMPATH\CodeIgniter.php(509): CodeIgniter\CodeIgniter->runController(Object(App\Controllers\Dashboard))
 4 SYSTEMPATH\CodeIgniter.php(355): CodeIgniter\CodeIgniter->handleRequest(null, Object(Config\Cache), false)
 5 SYSTEMPATH\Boot.php(334): CodeIgniter\CodeIgniter->run()
 6 SYSTEMPATH\Boot.php(67): CodeIgniter\Boot::runCodeIgniter(Object(CodeIgniter\CodeIgniter))
 7 FCPATH\index.php(56): CodeIgniter\Boot::bootWeb(Object(Config\Paths))
CRITICAL - 2025-09-27 08:41:24 --> [Caused by] CodeIgniter\Database\Exceptions\DatabaseException: You have an error in your SQL syntax; check the manual that corresponds to your MariaDB server version for the right syntax to use near '? and tentative_created between ? and ?' at line 2
in SYSTEMPATH\Database\MySQLi\Connection.php on line 317.
 1 SYSTEMPATH\Database\BaseConnection.php(734): CodeIgniter\Database\MySQLi\Connection->execute('SELECT l.* FROM tbl_planedleave l JOIN tbl_employee e ON e.emp_id = l.tentative_user
                            WHERE e.emp_id_no = ? and tentative_created between ? and ?')
 2 SYSTEMPATH\Database\BaseConnection.php(648): CodeIgniter\Database\BaseConnection->simpleQuery('SELECT l.* FROM tbl_planedleave l JOIN tbl_employee e ON e.emp_id = l.tentative_user
                            WHERE e.emp_id_no = ? and tentative_created between ? and ?')
 3 APPPATH\Controllers\Dashboard.php(122): CodeIgniter\Database\BaseConnection->query('SELECT l.* FROM tbl_planedleave l JOIN tbl_employee e ON e.emp_id = l.tentative_user
                            WHERE e.emp_id_no = ? and tentative_created between ? and ?', [...])
 4 SYSTEMPATH\CodeIgniter.php(933): App\Controllers\Dashboard->dashboardDatas('GZ44')
 5 SYSTEMPATH\CodeIgniter.php(509): CodeIgniter\CodeIgniter->runController(Object(App\Controllers\Dashboard))
 6 SYSTEMPATH\CodeIgniter.php(355): CodeIgniter\CodeIgniter->handleRequest(null, Object(Config\Cache), false)
 7 SYSTEMPATH\Boot.php(334): CodeIgniter\CodeIgniter->run()
 8 SYSTEMPATH\Boot.php(67): CodeIgniter\Boot::runCodeIgniter(Object(CodeIgniter\CodeIgniter))
 9 FCPATH\index.php(56): CodeIgniter\Boot::bootWeb(Object(Config\Paths))
CRITICAL - 2025-09-27 08:41:24 --> [Caused by] mysqli_sql_exception: You have an error in your SQL syntax; check the manual that corresponds to your MariaDB server version for the right syntax to use near '? and tentative_created between ? and ?' at line 2
in SYSTEMPATH\Database\MySQLi\Connection.php on line 312.
 1 SYSTEMPATH\Database\MySQLi\Connection.php(312): mysqli->query('SELECT l.* FROM tbl_planedleave l JOIN tbl_employee e ON e.emp_id = l.tentative_user
                            WHERE e.emp_id_no = ? and tentative_created between ? and ?', 0)
 2 SYSTEMPATH\Database\BaseConnection.php(734): CodeIgniter\Database\MySQLi\Connection->execute('SELECT l.* FROM tbl_planedleave l JOIN tbl_employee e ON e.emp_id = l.tentative_user
                            WHERE e.emp_id_no = ? and tentative_created between ? and ?')
 3 SYSTEMPATH\Database\BaseConnection.php(648): CodeIgniter\Database\BaseConnection->simpleQuery('SELECT l.* FROM tbl_planedleave l JOIN tbl_employee e ON e.emp_id = l.tentative_user
                            WHERE e.emp_id_no = ? and tentative_created between ? and ?')
 4 APPPATH\Controllers\Dashboard.php(122): CodeIgniter\Database\BaseConnection->query('SELECT l.* FROM tbl_planedleave l JOIN tbl_employee e ON e.emp_id = l.tentative_user
                            WHERE e.emp_id_no = ? and tentative_created between ? and ?', [...])
 5 SYSTEMPATH\CodeIgniter.php(933): App\Controllers\Dashboard->dashboardDatas('GZ44')
 6 SYSTEMPATH\CodeIgniter.php(509): CodeIgniter\CodeIgniter->runController(Object(App\Controllers\Dashboard))
 7 SYSTEMPATH\CodeIgniter.php(355): CodeIgniter\CodeIgniter->handleRequest(null, Object(Config\Cache), false)
 8 SYSTEMPATH\Boot.php(334): CodeIgniter\CodeIgniter->run()
 9 SYSTEMPATH\Boot.php(67): CodeIgniter\Boot::runCodeIgniter(Object(CodeIgniter\CodeIgniter))
10 FCPATH\index.php(56): CodeIgniter\Boot::bootWeb(Object(Config\Paths))
DEBUG - 2025-09-27 08:42:11 --> Session: Class initialized using 'CodeIgniter\Session\Handlers\FileHandler' driver.
DEBUG - 2025-09-27 08:42:11 --> User IP: ::1
ERROR - 2025-09-27 08:42:12 --> mysqli_sql_exception: You have an error in your SQL syntax; check the manual that corresponds to your MariaDB server version for the right syntax to use near '? and l.tentative_created between ? and ?' at line 2 in C:\xampp\htdocs\gighz-people\system\Database\MySQLi\Connection.php:312
Stack trace:
#0 C:\xampp\htdocs\gighz-people\system\Database\MySQLi\Connection.php(312): mysqli->query('SELECT l.* FROM...', 0)
#1 C:\xampp\htdocs\gighz-people\system\Database\BaseConnection.php(734): CodeIgniter\Database\MySQLi\Connection->execute('SELECT l.* FROM...')
#2 C:\xampp\htdocs\gighz-people\system\Database\BaseConnection.php(648): CodeIgniter\Database\BaseConnection->simpleQuery('SELECT l.* FROM...')
#3 C:\xampp\htdocs\gighz-people\app\Controllers\Dashboard.php(122): CodeIgniter\Database\BaseConnection->query('SELECT l.* FROM...', Array)
#4 C:\xampp\htdocs\gighz-people\system\CodeIgniter.php(933): App\Controllers\Dashboard->dashboardDatas('GZ44')
#5 C:\xampp\htdocs\gighz-people\system\CodeIgniter.php(509): CodeIgniter\CodeIgniter->runController(Object(App\Controllers\Dashboard))
#6 C:\xampp\htdocs\gighz-people\system\CodeIgniter.php(355): CodeIgniter\CodeIgniter->handleRequest(NULL, Object(Config\Cache), false)
#7 C:\xampp\htdocs\gighz-people\system\Boot.php(334): CodeIgniter\CodeIgniter->run()
#8 C:\xampp\htdocs\gighz-people\system\Boot.php(67): CodeIgniter\Boot::runCodeIgniter(Object(CodeIgniter\CodeIgniter))
#9 C:\xampp\htdocs\gighz-people\public\index.php(56): CodeIgniter\Boot::bootWeb(Object(Config\Paths))
#10 {main}
CRITICAL - 2025-09-27 08:42:12 --> CodeIgniter\Database\Exceptions\DatabaseException: You have an error in your SQL syntax; check the manual that corresponds to your MariaDB server version for the right syntax to use near '? and l.tentative_created between ? and ?' at line 2
[Method: GET, Route: dashboard/dashboardDatas/GZ44]
in SYSTEMPATH\Database\BaseConnection.php on line 688.
 1 APPPATH\Controllers\Dashboard.php(122): CodeIgniter\Database\BaseConnection->query('SELECT l.* FROM tbl_planedleave l JOIN tbl_employee e ON e.emp_id = l.tentative_user
                            WHERE e.emp_id_no = ? and l.tentative_created between ? and ?', [...])
 2 SYSTEMPATH\CodeIgniter.php(933): App\Controllers\Dashboard->dashboardDatas('GZ44')
 3 SYSTEMPATH\CodeIgniter.php(509): CodeIgniter\CodeIgniter->runController(Object(App\Controllers\Dashboard))
 4 SYSTEMPATH\CodeIgniter.php(355): CodeIgniter\CodeIgniter->handleRequest(null, Object(Config\Cache), false)
 5 SYSTEMPATH\Boot.php(334): CodeIgniter\CodeIgniter->run()
 6 SYSTEMPATH\Boot.php(67): CodeIgniter\Boot::runCodeIgniter(Object(CodeIgniter\CodeIgniter))
 7 FCPATH\index.php(56): CodeIgniter\Boot::bootWeb(Object(Config\Paths))
CRITICAL - 2025-09-27 08:42:12 --> [Caused by] CodeIgniter\Database\Exceptions\DatabaseException: You have an error in your SQL syntax; check the manual that corresponds to your MariaDB server version for the right syntax to use near '? and l.tentative_created between ? and ?' at line 2
in SYSTEMPATH\Database\MySQLi\Connection.php on line 317.
 1 SYSTEMPATH\Database\BaseConnection.php(734): CodeIgniter\Database\MySQLi\Connection->execute('SELECT l.* FROM tbl_planedleave l JOIN tbl_employee e ON e.emp_id = l.tentative_user
                            WHERE e.emp_id_no = ? and l.tentative_created between ? and ?')
 2 SYSTEMPATH\Database\BaseConnection.php(648): CodeIgniter\Database\BaseConnection->simpleQuery('SELECT l.* FROM tbl_planedleave l JOIN tbl_employee e ON e.emp_id = l.tentative_user
                            WHERE e.emp_id_no = ? and l.tentative_created between ? and ?')
 3 APPPATH\Controllers\Dashboard.php(122): CodeIgniter\Database\BaseConnection->query('SELECT l.* FROM tbl_planedleave l JOIN tbl_employee e ON e.emp_id = l.tentative_user
                            WHERE e.emp_id_no = ? and l.tentative_created between ? and ?', [...])
 4 SYSTEMPATH\CodeIgniter.php(933): App\Controllers\Dashboard->dashboardDatas('GZ44')
 5 SYSTEMPATH\CodeIgniter.php(509): CodeIgniter\CodeIgniter->runController(Object(App\Controllers\Dashboard))
 6 SYSTEMPATH\CodeIgniter.php(355): CodeIgniter\CodeIgniter->handleRequest(null, Object(Config\Cache), false)
 7 SYSTEMPATH\Boot.php(334): CodeIgniter\CodeIgniter->run()
 8 SYSTEMPATH\Boot.php(67): CodeIgniter\Boot::runCodeIgniter(Object(CodeIgniter\CodeIgniter))
 9 FCPATH\index.php(56): CodeIgniter\Boot::bootWeb(Object(Config\Paths))
CRITICAL - 2025-09-27 08:42:12 --> [Caused by] mysqli_sql_exception: You have an error in your SQL syntax; check the manual that corresponds to your MariaDB server version for the right syntax to use near '? and l.tentative_created between ? and ?' at line 2
in SYSTEMPATH\Database\MySQLi\Connection.php on line 312.
 1 SYSTEMPATH\Database\MySQLi\Connection.php(312): mysqli->query('SELECT l.* FROM tbl_planedleave l JOIN tbl_employee e ON e.emp_id = l.tentative_user
                            WHERE e.emp_id_no = ? and l.tentative_created between ? and ?', 0)
 2 SYSTEMPATH\Database\BaseConnection.php(734): CodeIgniter\Database\MySQLi\Connection->execute('SELECT l.* FROM tbl_planedleave l JOIN tbl_employee e ON e.emp_id = l.tentative_user
                            WHERE e.emp_id_no = ? and l.tentative_created between ? and ?')
 3 SYSTEMPATH\Database\BaseConnection.php(648): CodeIgniter\Database\BaseConnection->simpleQuery('SELECT l.* FROM tbl_planedleave l JOIN tbl_employee e ON e.emp_id = l.tentative_user
                            WHERE e.emp_id_no = ? and l.tentative_created between ? and ?')
 4 APPPATH\Controllers\Dashboard.php(122): CodeIgniter\Database\BaseConnection->query('SELECT l.* FROM tbl_planedleave l JOIN tbl_employee e ON e.emp_id = l.tentative_user
                            WHERE e.emp_id_no = ? and l.tentative_created between ? and ?', [...])
 5 SYSTEMPATH\CodeIgniter.php(933): App\Controllers\Dashboard->dashboardDatas('GZ44')
 6 SYSTEMPATH\CodeIgniter.php(509): CodeIgniter\CodeIgniter->runController(Object(App\Controllers\Dashboard))
 7 SYSTEMPATH\CodeIgniter.php(355): CodeIgniter\CodeIgniter->handleRequest(null, Object(Config\Cache), false)
 8 SYSTEMPATH\Boot.php(334): CodeIgniter\CodeIgniter->run()
 9 SYSTEMPATH\Boot.php(67): CodeIgniter\Boot::runCodeIgniter(Object(CodeIgniter\CodeIgniter))
10 FCPATH\index.php(56): CodeIgniter\Boot::bootWeb(Object(Config\Paths))
DEBUG - 2025-09-27 08:42:41 --> Session: Class initialized using 'CodeIgniter\Session\Handlers\FileHandler' driver.
CRITICAL - 2025-09-27 08:42:41 --> ErrorException: Cannot use empty array elements in arrays
[Method: GET, Route: dashboard/dashboardDatas/GZ44]
in APPPATH\Controllers\Dashboard.php on line 123.
 1 [internal function]: CodeIgniter\Debug\Exceptions->shutdownHandler()
DEBUG - 2025-09-27 08:43:17 --> Session: Class initialized using 'CodeIgniter\Session\Handlers\FileHandler' driver.
CRITICAL - 2025-09-27 08:43:17 --> ErrorException: Cannot use empty array elements in arrays
[Method: GET, Route: dashboard/dashboardDatas/GZ44]
in APPPATH\Controllers\Dashboard.php on line 123.
 1 [internal function]: CodeIgniter\Debug\Exceptions->shutdownHandler()
DEBUG - 2025-09-27 08:43:56 --> Session: Class initialized using 'CodeIgniter\Session\Handlers\FileHandler' driver.
DEBUG - 2025-09-27 08:43:56 --> User IP: ::1
DEBUG - 2025-09-27 08:44:12 --> Session: Class initialized using 'CodeIgniter\Session\Handlers\FileHandler' driver.
DEBUG - 2025-09-27 08:44:12 --> User IP: ::1
DEBUG - 2025-09-27 09:25:07 --> Session: Class initialized using 'CodeIgniter\Session\Handlers\FileHandler' driver.
DEBUG - 2025-09-27 09:25:07 --> User IP: ::1
DEBUG - 2025-09-27 09:27:27 --> Session: Class initialized using 'CodeIgniter\Session\Handlers\FileHandler' driver.
DEBUG - 2025-09-27 09:27:27 --> User IP: ::1
DEBUG - 2025-09-27 09:29:32 --> Session: Class initialized using 'CodeIgniter\Session\Handlers\FileHandler' driver.
DEBUG - 2025-09-27 09:29:32 --> User IP: ::1
DEBUG - 2025-09-27 09:30:37 --> Session: Class initialized using 'CodeIgniter\Session\Handlers\FileHandler' driver.
DEBUG - 2025-09-27 09:30:37 --> User IP: ::1
DEBUG - 2025-09-27 09:34:26 --> Session: Class initialized using 'CodeIgniter\Session\Handlers\FileHandler' driver.
DEBUG - 2025-09-27 09:34:26 --> User IP: ::1
DEBUG - 2025-09-27 09:36:49 --> Session: Class initialized using 'CodeIgniter\Session\Handlers\FileHandler' driver.
DEBUG - 2025-09-27 09:36:49 --> User IP: ::1
DEBUG - 2025-09-27 09:36:52 --> Session: Class initialized using 'CodeIgniter\Session\Handlers\FileHandler' driver.
DEBUG - 2025-09-27 09:36:52 --> User IP: ::1
DEBUG - 2025-09-27 09:36:55 --> Session: Class initialized using 'CodeIgniter\Session\Handlers\FileHandler' driver.
DEBUG - 2025-09-27 09:36:55 --> User IP: ::1
CRITICAL - 2025-09-27 09:36:55 --> ArgumentCountError: Too few arguments to function App\Controllers\Dashboard::dashboardDatas(), 0 passed in C:\xampp\htdocs\gighz-people\system\CodeIgniter.php on line 933 and exactly 1 expected
[Method: GET, Route: dashboard/dashboardDatas]
in APPPATH\Controllers\Dashboard.php on line 107.
 1 SYSTEMPATH\CodeIgniter.php(933): App\Controllers\Dashboard->dashboardDatas()
 2 SYSTEMPATH\CodeIgniter.php(509): CodeIgniter\CodeIgniter->runController(Object(App\Controllers\Dashboard))
 3 SYSTEMPATH\CodeIgniter.php(355): CodeIgniter\CodeIgniter->handleRequest(null, Object(Config\Cache), false)
 4 SYSTEMPATH\Boot.php(334): CodeIgniter\CodeIgniter->run()
 5 SYSTEMPATH\Boot.php(67): CodeIgniter\Boot::runCodeIgniter(Object(CodeIgniter\CodeIgniter))
 6 FCPATH\index.php(56): CodeIgniter\Boot::bootWeb(Object(Config\Paths))
DEBUG - 2025-09-27 09:37:06 --> Session: Class initialized using 'CodeIgniter\Session\Handlers\FileHandler' driver.
DEBUG - 2025-09-27 09:37:06 --> User IP: ::1
DEBUG - 2025-09-27 09:37:06 --> Session: Class initialized using 'CodeIgniter\Session\Handlers\FileHandler' driver.
DEBUG - 2025-09-27 09:37:06 --> User IP: ::1
DEBUG - 2025-09-27 09:37:31 --> Session: Class initialized using 'CodeIgniter\Session\Handlers\FileHandler' driver.
DEBUG - 2025-09-27 09:37:31 --> User IP: ::1
DEBUG - 2025-09-27 09:37:32 --> Session: Class initialized using 'CodeIgniter\Session\Handlers\FileHandler' driver.
DEBUG - 2025-09-27 09:37:32 --> User IP: ::1
DEBUG - 2025-09-27 09:40:18 --> Session: Class initialized using 'CodeIgniter\Session\Handlers\FileHandler' driver.
DEBUG - 2025-09-27 09:40:18 --> User IP: ::1
DEBUG - 2025-09-27 09:40:22 --> Session: Class initialized using 'CodeIgniter\Session\Handlers\FileHandler' driver.
DEBUG - 2025-09-27 09:40:22 --> User IP: ::1
DEBUG - 2025-09-27 09:40:28 --> Session: Class initialized using 'CodeIgniter\Session\Handlers\FileHandler' driver.
DEBUG - 2025-09-27 09:41:34 --> Session: Class initialized using 'CodeIgniter\Session\Handlers\FileHandler' driver.
DEBUG - 2025-09-27 09:41:34 --> User IP: ::1
DEBUG - 2025-09-27 09:41:38 --> Session: Class initialized using 'CodeIgniter\Session\Handlers\FileHandler' driver.
DEBUG - 2025-09-27 09:41:38 --> User IP: ::1
DEBUG - 2025-09-27 09:41:43 --> Session: Class initialized using 'CodeIgniter\Session\Handlers\FileHandler' driver.
DEBUG - 2025-09-27 09:41:43 --> User IP: ::1
DEBUG - 2025-09-27 09:41:51 --> Session: Class initialized using 'CodeIgniter\Session\Handlers\FileHandler' driver.
DEBUG - 2025-09-27 09:41:51 --> User IP: ::1
DEBUG - 2025-09-27 09:41:56 --> Session: Class initialized using 'CodeIgniter\Session\Handlers\FileHandler' driver.
DEBUG - 2025-09-27 09:41:56 --> User IP: ::1
DEBUG - 2025-09-27 09:42:00 --> Session: Class initialized using 'CodeIgniter\Session\Handlers\FileHandler' driver.
DEBUG - 2025-09-27 09:42:00 --> User IP: ::1
DEBUG - 2025-09-27 09:47:08 --> Session: Class initialized using 'CodeIgniter\Session\Handlers\FileHandler' driver.
DEBUG - 2025-09-27 09:47:08 --> User IP: ::1
DEBUG - 2025-09-27 09:47:12 --> Session: Class initialized using 'CodeIgniter\Session\Handlers\FileHandler' driver.
DEBUG - 2025-09-27 09:47:12 --> User IP: ::1
DEBUG - 2025-09-27 09:47:41 --> Session: Class initialized using 'CodeIgniter\Session\Handlers\FileHandler' driver.
DEBUG - 2025-09-27 09:47:41 --> User IP: ::1
DEBUG - 2025-09-27 09:51:08 --> Session: Class initialized using 'CodeIgniter\Session\Handlers\FileHandler' driver.
DEBUG - 2025-09-27 09:51:08 --> User IP: ::1
DEBUG - 2025-09-27 09:51:20 --> Session: Class initialized using 'CodeIgniter\Session\Handlers\FileHandler' driver.
DEBUG - 2025-09-27 09:51:20 --> User IP: ::1
DEBUG - 2025-09-27 09:51:52 --> Session: Class initialized using 'CodeIgniter\Session\Handlers\FileHandler' driver.
DEBUG - 2025-09-27 09:51:52 --> User IP: ::1
DEBUG - 2025-09-27 09:53:36 --> Session: Class initialized using 'CodeIgniter\Session\Handlers\FileHandler' driver.
DEBUG - 2025-09-27 09:53:36 --> User IP: ::1
DEBUG - 2025-09-27 09:53:41 --> Session: Class initialized using 'CodeIgniter\Session\Handlers\FileHandler' driver.
DEBUG - 2025-09-27 09:53:41 --> User IP: ::1
DEBUG - 2025-09-27 09:53:46 --> Session: Class initialized using 'CodeIgniter\Session\Handlers\FileHandler' driver.
DEBUG - 2025-09-27 09:53:46 --> User IP: ::1
DEBUG - 2025-09-27 09:53:56 --> Session: Class initialized using 'CodeIgniter\Session\Handlers\FileHandler' driver.
DEBUG - 2025-09-27 09:53:56 --> User IP: ::1
DEBUG - 2025-09-27 09:54:00 --> Session: Class initialized using 'CodeIgniter\Session\Handlers\FileHandler' driver.
DEBUG - 2025-09-27 09:54:00 --> User IP: ::1
DEBUG - 2025-09-27 09:54:05 --> Session: Class initialized using 'CodeIgniter\Session\Handlers\FileHandler' driver.
DEBUG - 2025-09-27 09:54:05 --> User IP: ::1
DEBUG - 2025-09-27 09:56:07 --> Session: Class initialized using 'CodeIgniter\Session\Handlers\FileHandler' driver.
DEBUG - 2025-09-27 09:56:07 --> User IP: ::1
DEBUG - 2025-09-27 09:56:09 --> Session: Class initialized using 'CodeIgniter\Session\Handlers\FileHandler' driver.
DEBUG - 2025-09-27 09:56:09 --> User IP: ::1
DEBUG - 2025-09-27 09:56:13 --> Session: Class initialized using 'CodeIgniter\Session\Handlers\FileHandler' driver.
DEBUG - 2025-09-27 09:56:13 --> User IP: ::1
DEBUG - 2025-09-27 09:59:45 --> Session: Class initialized using 'CodeIgniter\Session\Handlers\FileHandler' driver.
DEBUG - 2025-09-27 09:59:45 --> User IP: ::1
DEBUG - 2025-09-27 10:02:39 --> Session: Class initialized using 'CodeIgniter\Session\Handlers\FileHandler' driver.
DEBUG - 2025-09-27 10:02:39 --> User IP: ::1
DEBUG - 2025-09-27 10:02:43 --> Session: Class initialized using 'CodeIgniter\Session\Handlers\FileHandler' driver.
DEBUG - 2025-09-27 10:02:43 --> User IP: ::1
DEBUG - 2025-09-27 10:02:51 --> Session: Class initialized using 'CodeIgniter\Session\Handlers\FileHandler' driver.
DEBUG - 2025-09-27 10:02:51 --> User IP: ::1
DEBUG - 2025-09-27 10:03:00 --> Session: Class initialized using 'CodeIgniter\Session\Handlers\FileHandler' driver.
DEBUG - 2025-09-27 10:03:00 --> User IP: ::1
DEBUG - 2025-09-27 10:11:00 --> Session: Class initialized using 'CodeIgniter\Session\Handlers\FileHandler' driver.
DEBUG - 2025-09-27 10:11:00 --> User IP: ::1
DEBUG - 2025-09-27 10:11:05 --> Session: Class initialized using 'CodeIgniter\Session\Handlers\FileHandler' driver.
DEBUG - 2025-09-27 10:11:05 --> User IP: ::1
DEBUG - 2025-09-27 10:11:13 --> Session: Class initialized using 'CodeIgniter\Session\Handlers\FileHandler' driver.
DEBUG - 2025-09-27 10:11:13 --> User IP: ::1
DEBUG - 2025-09-27 10:11:18 --> Session: Class initialized using 'CodeIgniter\Session\Handlers\FileHandler' driver.
DEBUG - 2025-09-27 10:11:18 --> User IP: ::1
DEBUG - 2025-09-27 10:12:54 --> Session: Class initialized using 'CodeIgniter\Session\Handlers\FileHandler' driver.
DEBUG - 2025-09-27 10:12:54 --> User IP: ::1
DEBUG - 2025-09-27 10:12:59 --> Session: Class initialized using 'CodeIgniter\Session\Handlers\FileHandler' driver.
DEBUG - 2025-09-27 10:12:59 --> User IP: ::1
DEBUG - 2025-09-27 10:13:21 --> Session: Class initialized using 'CodeIgniter\Session\Handlers\FileHandler' driver.
DEBUG - 2025-09-27 10:13:21 --> User IP: ::1
DEBUG - 2025-09-27 10:14:01 --> Session: Class initialized using 'CodeIgniter\Session\Handlers\FileHandler' driver.
DEBUG - 2025-09-27 10:14:01 --> User IP: ::1
DEBUG - 2025-09-27 10:14:42 --> Session: Class initialized using 'CodeIgniter\Session\Handlers\FileHandler' driver.
DEBUG - 2025-09-27 10:14:42 --> User IP: ::1
DEBUG - 2025-09-27 10:14:46 --> Session: Class initialized using 'CodeIgniter\Session\Handlers\FileHandler' driver.
DEBUG - 2025-09-27 10:14:46 --> User IP: ::1
DEBUG - 2025-09-27 10:14:52 --> Session: Class initialized using 'CodeIgniter\Session\Handlers\FileHandler' driver.
DEBUG - 2025-09-27 10:14:52 --> User IP: ::1
DEBUG - 2025-09-27 10:15:05 --> Session: Class initialized using 'CodeIgniter\Session\Handlers\FileHandler' driver.
DEBUG - 2025-09-27 10:15:05 --> User IP: ::1
DEBUG - 2025-09-27 10:15:35 --> Session: Class initialized using 'CodeIgniter\Session\Handlers\FileHandler' driver.
DEBUG - 2025-09-27 10:15:35 --> User IP: ::1
DEBUG - 2025-09-27 10:15:40 --> Session: Class initialized using 'CodeIgniter\Session\Handlers\FileHandler' driver.
DEBUG - 2025-09-27 10:15:40 --> User IP: ::1
DEBUG - 2025-09-27 10:15:47 --> Session: Class initialized using 'CodeIgniter\Session\Handlers\FileHandler' driver.
DEBUG - 2025-09-27 10:15:47 --> User IP: ::1
DEBUG - 2025-09-27 10:15:52 --> Session: Class initialized using 'CodeIgniter\Session\Handlers\FileHandler' driver.
DEBUG - 2025-09-27 10:15:52 --> User IP: ::1
DEBUG - 2025-09-27 10:16:20 --> Session: Class initialized using 'CodeIgniter\Session\Handlers\FileHandler' driver.
DEBUG - 2025-09-27 10:16:20 --> User IP: ::1
DEBUG - 2025-09-27 10:16:24 --> Session: Class initialized using 'CodeIgniter\Session\Handlers\FileHandler' driver.
DEBUG - 2025-09-27 10:16:24 --> User IP: ::1
DEBUG - 2025-09-27 10:16:31 --> Session: Class initialized using 'CodeIgniter\Session\Handlers\FileHandler' driver.
DEBUG - 2025-09-27 10:16:31 --> User IP: ::1
DEBUG - 2025-09-27 10:16:35 --> Session: Class initialized using 'CodeIgniter\Session\Handlers\FileHandler' driver.
DEBUG - 2025-09-27 10:16:35 --> User IP: ::1
DEBUG - 2025-09-27 10:17:01 --> Session: Class initialized using 'CodeIgniter\Session\Handlers\FileHandler' driver.
DEBUG - 2025-09-27 10:17:01 --> User IP: ::1
DEBUG - 2025-09-27 10:17:05 --> Session: Class initialized using 'CodeIgniter\Session\Handlers\FileHandler' driver.
DEBUG - 2025-09-27 10:17:05 --> User IP: ::1
DEBUG - 2025-09-27 10:17:13 --> Session: Class initialized using 'CodeIgniter\Session\Handlers\FileHandler' driver.
DEBUG - 2025-09-27 10:17:13 --> User IP: ::1
DEBUG - 2025-09-27 10:20:12 --> Session: Class initialized using 'CodeIgniter\Session\Handlers\FileHandler' driver.
DEBUG - 2025-09-27 10:20:12 --> User IP: ::1
DEBUG - 2025-09-27 10:21:35 --> Session: Class initialized using 'CodeIgniter\Session\Handlers\FileHandler' driver.
DEBUG - 2025-09-27 10:21:35 --> User IP: ::1
DEBUG - 2025-09-27 10:21:39 --> Session: Class initialized using 'CodeIgniter\Session\Handlers\FileHandler' driver.
DEBUG - 2025-09-27 10:21:39 --> User IP: ::1
DEBUG - 2025-09-27 10:22:31 --> Session: Class initialized using 'CodeIgniter\Session\Handlers\FileHandler' driver.
DEBUG - 2025-09-27 10:22:31 --> User IP: ::1
DEBUG - 2025-09-27 10:28:18 --> Session: Class initialized using 'CodeIgniter\Session\Handlers\FileHandler' driver.
DEBUG - 2025-09-27 10:28:18 --> User IP: ::1
DEBUG - 2025-09-27 10:28:23 --> Session: Class initialized using 'CodeIgniter\Session\Handlers\FileHandler' driver.
DEBUG - 2025-09-27 10:28:23 --> User IP: ::1
DEBUG - 2025-09-27 10:28:31 --> Session: Class initialized using 'CodeIgniter\Session\Handlers\FileHandler' driver.
DEBUG - 2025-09-27 10:28:31 --> User IP: ::1
DEBUG - 2025-09-27 10:29:00 --> Session: Class initialized using 'CodeIgniter\Session\Handlers\FileHandler' driver.
DEBUG - 2025-09-27 10:29:00 --> User IP: ::1
DEBUG - 2025-09-27 10:29:22 --> Session: Class initialized using 'CodeIgniter\Session\Handlers\FileHandler' driver.
DEBUG - 2025-09-27 10:29:22 --> User IP: ::1
DEBUG - 2025-09-27 10:34:46 --> Session: Class initialized using 'CodeIgniter\Session\Handlers\FileHandler' driver.
DEBUG - 2025-09-27 10:34:46 --> User IP: ::1
DEBUG - 2025-09-27 10:34:51 --> Session: Class initialized using 'CodeIgniter\Session\Handlers\FileHandler' driver.
DEBUG - 2025-09-27 10:34:51 --> User IP: ::1
DEBUG - 2025-09-27 10:34:58 --> Session: Class initialized using 'CodeIgniter\Session\Handlers\FileHandler' driver.
DEBUG - 2025-09-27 10:34:58 --> User IP: ::1
DEBUG - 2025-09-27 10:35:05 --> Session: Class initialized using 'CodeIgniter\Session\Handlers\FileHandler' driver.
DEBUG - 2025-09-27 10:35:05 --> User IP: ::1
DEBUG - 2025-09-27 10:37:03 --> Session: Class initialized using 'CodeIgniter\Session\Handlers\FileHandler' driver.
DEBUG - 2025-09-27 10:37:03 --> User IP: ::1
DEBUG - 2025-09-27 10:41:21 --> Session: Class initialized using 'CodeIgniter\Session\Handlers\FileHandler' driver.
DEBUG - 2025-09-27 10:41:21 --> User IP: ::1
DEBUG - 2025-09-27 10:41:22 --> Session: Class initialized using 'CodeIgniter\Session\Handlers\FileHandler' driver.
DEBUG - 2025-09-27 10:41:22 --> User IP: ::1
DEBUG - 2025-09-27 10:41:28 --> Session: Class initialized using 'CodeIgniter\Session\Handlers\FileHandler' driver.
DEBUG - 2025-09-27 10:41:28 --> User IP: ::1
DEBUG - 2025-09-27 10:41:34 --> Session: Class initialized using 'CodeIgniter\Session\Handlers\FileHandler' driver.
DEBUG - 2025-09-27 10:41:34 --> User IP: ::1
DEBUG - 2025-09-27 10:41:34 --> Session: Class initialized using 'CodeIgniter\Session\Handlers\FileHandler' driver.
DEBUG - 2025-09-27 10:41:34 --> User IP: ::1
DEBUG - 2025-09-27 10:41:35 --> Session: Class initialized using 'CodeIgniter\Session\Handlers\FileHandler' driver.
DEBUG - 2025-09-27 10:41:35 --> User IP: ::1
DEBUG - 2025-09-27 10:41:55 --> Session: Class initialized using 'CodeIgniter\Session\Handlers\FileHandler' driver.
DEBUG - 2025-09-27 10:41:55 --> User IP: ::1
DEBUG - 2025-09-27 10:41:55 --> Session: Class initialized using 'CodeIgniter\Session\Handlers\FileHandler' driver.
DEBUG - 2025-09-27 10:41:55 --> User IP: ::1
DEBUG - 2025-09-27 10:42:08 --> Session: Class initialized using 'CodeIgniter\Session\Handlers\FileHandler' driver.
DEBUG - 2025-09-27 10:42:08 --> User IP: ::1
DEBUG - 2025-09-27 10:43:11 --> Session: Class initialized using 'CodeIgniter\Session\Handlers\FileHandler' driver.
DEBUG - 2025-09-27 10:43:11 --> User IP: ::1
